{"jsonapi":{"version":"1.1"},"errors":[{"id":"error-1","title":"Resource Not Found","detail":"The requested resource could not be found","status":"404","code":"resource_not_found","source":{"pointer":"/data/attributes/title"},"meta":{"timestamp":"2023-01-01T12:00:00Z"}},{"id":"error-2","title":"Invalid Attribute","detail":"The attribute format is invalid","status":"422","code":"invalid_attribute","source":{"parameter":"filter[name]"}}]}
